
Memory Configuration

Name             Origin             Length             Attributes
flash            0x0000000000000000 0x0000000020000000 xr
sram             0x0000000020000000 0x0000000020000000 xrw
*default*        0x0000000000000000 0xffffffffffffffff

Linker script and memory map


.text           0x0000000000000000      0x12c
                0x0000000000000000                _S_TEXT = .
 *(.vectors*)
 .vectors       0x0000000000000000       0x10 Startup.o
                0x0000000000000000                g_p_func_Vectors
 *(.text*)
 .text          0x0000000000000010       0x90 Startup.o
                0x0000000000000010                _Hard_Fault_Handler
                0x0000000000000010                Default_Handler
                0x0000000000000010                _NMI_Handler
                0x000000000000001c                _Reset_Handler
 .text          0x00000000000000a0       0x8c main.o
                0x00000000000000a0                main
 *(.rodata)
                0x000000000000012c                _E_TEXT = .

.glue_7         0x000000000000012c        0x0
 .glue_7        0x000000000000012c        0x0 linker stubs

.glue_7t        0x000000000000012c        0x0
 .glue_7t       0x000000000000012c        0x0 linker stubs

.vfp11_veneer   0x000000000000012c        0x0
 .vfp11_veneer  0x000000000000012c        0x0 linker stubs

.v4_bx          0x000000000000012c        0x0
 .v4_bx         0x000000000000012c        0x0 linker stubs

.iplt           0x000000000000012c        0x0
 .iplt          0x000000000000012c        0x0 Startup.o

.rel.dyn        0x000000000000012c        0x0
 .rel.iplt      0x000000000000012c        0x0 Startup.o

.data           0x0000000020000000        0x0 load address 0x000000000000012c
                0x0000000020000000                _S_DATA = .
 *(.data)
 .data          0x0000000020000000        0x0 Startup.o
 .data          0x0000000020000000        0x0 main.o
                0x0000000020000000                . = ALIGN (0x4)
                0x0000000020000000                _E_DATA = .

.igot.plt       0x0000000020000000        0x0 load address 0x000000000000012c
 .igot.plt      0x0000000020000000        0x0 Startup.o

.bss            0x0000000020000000      0x400 load address 0x000000000000012c
                0x0000000020000000                _S_BSS = .
 *(.bss)
 .bss           0x0000000020000000      0x400 Startup.o
 .bss           0x0000000020000400        0x0 main.o
                0x0000000020000400                _E_BSS = .
LOAD Startup.o
LOAD main.o
OUTPUT(Toggle_LED_cortex_m4.elf elf32-littlearm)

.debug_info     0x0000000000000000      0x23c
 .debug_info    0x0000000000000000      0x1d7 Startup.o
 .debug_info    0x00000000000001d7       0x65 main.o

.debug_abbrev   0x0000000000000000      0x145
 .debug_abbrev  0x0000000000000000       0xeb Startup.o
 .debug_abbrev  0x00000000000000eb       0x5a main.o

.debug_loc      0x0000000000000000       0xb4
 .debug_loc     0x0000000000000000       0x7c Startup.o
 .debug_loc     0x000000000000007c       0x38 main.o

.debug_aranges  0x0000000000000000       0x40
 .debug_aranges
                0x0000000000000000       0x20 Startup.o
 .debug_aranges
                0x0000000000000020       0x20 main.o

.debug_line     0x0000000000000000      0x257
 .debug_line    0x0000000000000000      0x1f4 Startup.o
 .debug_line    0x00000000000001f4       0x63 main.o

.debug_str      0x0000000000000000      0x1bf
 .debug_str     0x0000000000000000      0x1a7 Startup.o
                                        0x1e4 (size before relaxing)
 .debug_str     0x00000000000001a7       0x18 main.o
                                         0xd4 (size before relaxing)

.comment        0x0000000000000000       0x7b
 .comment       0x0000000000000000       0x7b Startup.o
                                         0x7c (size before relaxing)
 .comment       0x000000000000007b       0x7c main.o

.ARM.attributes
                0x0000000000000000       0x33
 .ARM.attributes
                0x0000000000000000       0x33 Startup.o
 .ARM.attributes
                0x0000000000000033       0x33 main.o

.debug_frame    0x0000000000000000       0x7c
 .debug_frame   0x0000000000000000       0x50 Startup.o
 .debug_frame   0x0000000000000050       0x2c main.o
